\BOOKMARK [0][-]{chapter.1}{\376\377\0001\000\040\000N\000a\000m\000e\000s\000p\000a\000c\000e\000\040\000I\000n\000d\000e\000x}{}% 1
\BOOKMARK [1][-]{section.1.1}{\376\377\0001\000.\0001\000\040\000N\000a\000m\000e\000s\000p\000a\000c\000e\000\040\000L\000i\000s\000t}{chapter.1}% 2
\BOOKMARK [0][-]{chapter.2}{\376\377\0002\000\040\000F\000i\000l\000e\000\040\000I\000n\000d\000e\000x}{}% 3
\BOOKMARK [1][-]{section.2.1}{\376\377\0002\000.\0001\000\040\000F\000i\000l\000e\000\040\000L\000i\000s\000t}{chapter.2}% 4
\BOOKMARK [0][-]{chapter.3}{\376\377\0003\000\040\000N\000a\000m\000e\000s\000p\000a\000c\000e\000\040\000D\000o\000c\000u\000m\000e\000n\000t\000a\000t\000i\000o\000n}{}% 5
\BOOKMARK [1][-]{section.3.1}{\376\377\0003\000.\0001\000\040\000s\000r\000c\000\040\000N\000a\000m\000e\000s\000p\000a\000c\000e\000\040\000R\000e\000f\000e\000r\000e\000n\000c\000e}{chapter.3}% 6
\BOOKMARK [1][-]{section.3.2}{\376\377\0003\000.\0002\000\040\000s\000r\000c\000.\000b\000a\000c\000k\000u\000p\000E\000n\000g\000i\000n\000e\000\040\000N\000a\000m\000e\000s\000p\000a\000c\000e\000\040\000R\000e\000f\000e\000r\000e\000n\000c\000e}{chapter.3}% 7
\BOOKMARK [2][-]{subsection.3.2.1}{\376\377\0003\000.\0002\000.\0001\000\040\000F\000u\000n\000c\000t\000i\000o\000n\000\040\000D\000o\000c\000u\000m\000e\000n\000t\000a\000t\000i\000o\000n}{section.3.2}% 8
\BOOKMARK [3][-]{subsubsection.3.2.1.1}{\376\377\0003\000.\0002\000.\0001\000.\0001\000\040\000B\000A\000C\000K\000U\000P\000\137\000E\000N\000G\000I\000N\000E\000\050\000\051}{subsection.3.2.1}% 9
\BOOKMARK [1][-]{section.3.3}{\376\377\0003\000.\0003\000\040\000s\000r\000c\000.\000b\000a\000c\000k\000u\000p\000P\000r\000e\000v\000i\000e\000w\000\040\000N\000a\000m\000e\000s\000p\000a\000c\000e\000\040\000R\000e\000f\000e\000r\000e\000n\000c\000e}{chapter.3}% 10
\BOOKMARK [2][-]{subsection.3.3.1}{\376\377\0003\000.\0003\000.\0001\000\040\000F\000u\000n\000c\000t\000i\000o\000n\000\040\000D\000o\000c\000u\000m\000e\000n\000t\000a\000t\000i\000o\000n}{section.3.3}% 11
\BOOKMARK [3][-]{subsubsection.3.3.1.1}{\376\377\0003\000.\0003\000.\0001\000.\0001\000\040\000B\000A\000C\000K\000U\000P\000\137\000P\000R\000E\000V\000I\000E\000W\000\050\000\051}{subsection.3.3.1}% 12
\BOOKMARK [3][-]{subsubsection.3.3.1.2}{\376\377\0003\000.\0003\000.\0001\000.\0002\000\040\000G\000E\000T\000\137\000B\000A\000C\000K\000U\000P\000\137\000C\000O\000M\000M\000E\000N\000T\000\050\000\051}{subsection.3.3.1}% 13
\BOOKMARK [1][-]{section.3.4}{\376\377\0003\000.\0004\000\040\000s\000r\000c\000.\000c\000h\000e\000c\000k\000S\000c\000h\000e\000d\000u\000l\000e\000\040\000N\000a\000m\000e\000s\000p\000a\000c\000e\000\040\000R\000e\000f\000e\000r\000e\000n\000c\000e}{chapter.3}% 14
\BOOKMARK [2][-]{subsection.3.4.1}{\376\377\0003\000.\0004\000.\0001\000\040\000F\000u\000n\000c\000t\000i\000o\000n\000\040\000D\000o\000c\000u\000m\000e\000n\000t\000a\000t\000i\000o\000n}{section.3.4}% 15
\BOOKMARK [3][-]{subsubsection.3.4.1.1}{\376\377\0003\000.\0004\000.\0001\000.\0001\000\040\000C\000H\000E\000C\000K\000\137\000S\000C\000H\000E\000D\000U\000L\000E\000\050\000\051}{subsection.3.4.1}% 16
\BOOKMARK [1][-]{section.3.5}{\376\377\0003\000.\0005\000\040\000s\000r\000c\000.\000c\000h\000e\000c\000k\000S\000y\000n\000c\000P\000o\000l\000i\000c\000y\000\040\000N\000a\000m\000e\000s\000p\000a\000c\000e\000\040\000R\000e\000f\000e\000r\000e\000n\000c\000e}{chapter.3}% 17
\BOOKMARK [2][-]{subsection.3.5.1}{\376\377\0003\000.\0005\000.\0001\000\040\000F\000u\000n\000c\000t\000i\000o\000n\000\040\000D\000o\000c\000u\000m\000e\000n\000t\000a\000t\000i\000o\000n}{section.3.5}% 18
\BOOKMARK [3][-]{subsubsection.3.5.1.1}{\376\377\0003\000.\0005\000.\0001\000.\0001\000\040\000C\000H\000E\000C\000K\000\137\000S\000Y\000N\000C\000\137\000P\000O\000L\000I\000C\000Y\000\050\000\051}{subsection.3.5.1}% 19
\BOOKMARK [1][-]{section.3.6}{\376\377\0003\000.\0006\000\040\000s\000r\000c\000.\000c\000o\000m\000p\000a\000r\000e\000P\000r\000o\000j\000e\000c\000t\000\040\000N\000a\000m\000e\000s\000p\000a\000c\000e\000\040\000R\000e\000f\000e\000r\000e\000n\000c\000e}{chapter.3}% 20
\BOOKMARK [2][-]{subsection.3.6.1}{\376\377\0003\000.\0006\000.\0001\000\040\000F\000u\000n\000c\000t\000i\000o\000n\000\040\000D\000o\000c\000u\000m\000e\000n\000t\000a\000t\000i\000o\000n}{section.3.6}% 21
\BOOKMARK [3][-]{subsubsection.3.6.1.1}{\376\377\0003\000.\0006\000.\0001\000.\0001\000\040\000C\000O\000M\000P\000A\000R\000E\000\137\000P\000R\000O\000J\000E\000C\000T\000\050\000\051}{subsection.3.6.1}% 22
\BOOKMARK [3][-]{subsubsection.3.6.1.2}{\376\377\0003\000.\0006\000.\0001\000.\0002\000\040\000P\000R\000I\000N\000T\000\137\000C\000O\000M\000P\000A\000R\000I\000S\000O\000N\000\137\000R\000E\000S\000U\000L\000T\000\050\000\051}{subsection.3.6.1}% 23
\BOOKMARK [1][-]{section.3.7}{\376\377\0003\000.\0007\000\040\000s\000r\000c\000.\000e\000x\000e\000c\000u\000t\000e\000C\000o\000m\000m\000a\000n\000d\000s\000\040\000N\000a\000m\000e\000s\000p\000a\000c\000e\000\040\000R\000e\000f\000e\000r\000e\000n\000c\000e}{chapter.3}% 24
\BOOKMARK [2][-]{subsection.3.7.1}{\376\377\0003\000.\0007\000.\0001\000\040\000F\000u\000n\000c\000t\000i\000o\000n\000\040\000D\000o\000c\000u\000m\000e\000n\000t\000a\000t\000i\000o\000n}{section.3.7}% 25
\BOOKMARK [3][-]{subsubsection.3.7.1.1}{\376\377\0003\000.\0007\000.\0001\000.\0001\000\040\000E\000X\000E\000C\000U\000T\000E\000\137\000C\000O\000M\000M\000A\000N\000D\000S\000\050\000\051}{subsection.3.7.1}% 26
\BOOKMARK [1][-]{section.3.8}{\376\377\0003\000.\0008\000\040\000s\000r\000c\000.\000e\000x\000t\000r\000a\000c\000t\000Y\000A\000M\000L\000\040\000N\000a\000m\000e\000s\000p\000a\000c\000e\000\040\000R\000e\000f\000e\000r\000e\000n\000c\000e}{chapter.3}% 27
\BOOKMARK [2][-]{subsection.3.8.1}{\376\377\0003\000.\0008\000.\0001\000\040\000F\000u\000n\000c\000t\000i\000o\000n\000\040\000D\000o\000c\000u\000m\000e\000n\000t\000a\000t\000i\000o\000n}{section.3.8}% 28
\BOOKMARK [3][-]{subsubsection.3.8.1.1}{\376\377\0003\000.\0008\000.\0001\000.\0001\000\040\000E\000X\000T\000R\000A\000C\000T\000\137\000Y\000A\000M\000L\000\050\000\051}{subsection.3.8.1}% 29
\BOOKMARK [1][-]{section.3.9}{\376\377\0003\000.\0009\000\040\000s\000r\000c\000.\000g\000e\000n\000e\000r\000a\000t\000e\000R\000e\000p\000o\000s\000i\000t\000o\000r\000y\000S\000t\000r\000u\000c\000t\000u\000r\000e\000\040\000N\000a\000m\000e\000s\000p\000a\000c\000e\000\040\000R\000e\000f\000e\000r\000e\000n\000c\000e}{chapter.3}% 30
\BOOKMARK [2][-]{subsection.3.9.1}{\376\377\0003\000.\0009\000.\0001\000\040\000F\000u\000n\000c\000t\000i\000o\000n\000\040\000D\000o\000c\000u\000m\000e\000n\000t\000a\000t\000i\000o\000n}{section.3.9}% 31
\BOOKMARK [3][-]{subsubsection.3.9.1.1}{\376\377\0003\000.\0009\000.\0001\000.\0001\000\040\000G\000E\000N\000E\000R\000A\000T\000E\000\137\000R\000E\000P\000O\000S\000I\000T\000O\000R\000Y\000\137\000S\000T\000R\000U\000C\000T\000U\000R\000E\000\050\000\051}{subsection.3.9.1}% 32
\BOOKMARK [1][-]{section.3.10}{\376\377\0003\000.\0001\0000\000\040\000s\000r\000c\000.\000i\000n\000i\000t\000i\000a\000l\000i\000z\000e\000R\000e\000p\000o\000s\000i\000t\000o\000r\000y\000\040\000N\000a\000m\000e\000s\000p\000a\000c\000e\000\040\000R\000e\000f\000e\000r\000e\000n\000c\000e}{chapter.3}% 33
\BOOKMARK [2][-]{subsection.3.10.1}{\376\377\0003\000.\0001\0000\000.\0001\000\040\000F\000u\000n\000c\000t\000i\000o\000n\000\040\000D\000o\000c\000u\000m\000e\000n\000t\000a\000t\000i\000o\000n}{section.3.10}% 34
\BOOKMARK [3][-]{subsubsection.3.10.1.1}{\376\377\0003\000.\0001\0000\000.\0001\000.\0001\000\040\000I\000N\000I\000T\000I\000A\000L\000I\000Z\000E\000\137\000R\000E\000P\000O\000S\000I\000T\000O\000R\000Y\000\050\000\051}{subsection.3.10.1}% 35
\BOOKMARK [1][-]{section.3.11}{\376\377\0003\000.\0001\0001\000\040\000s\000r\000c\000.\000l\000o\000g\000g\000e\000r\000\040\000N\000a\000m\000e\000s\000p\000a\000c\000e\000\040\000R\000e\000f\000e\000r\000e\000n\000c\000e}{chapter.3}% 36
\BOOKMARK [2][-]{subsection.3.11.1}{\376\377\0003\000.\0001\0001\000.\0001\000\040\000F\000u\000n\000c\000t\000i\000o\000n\000\040\000D\000o\000c\000u\000m\000e\000n\000t\000a\000t\000i\000o\000n}{section.3.11}% 37
\BOOKMARK [3][-]{subsubsection.3.11.1.1}{\376\377\0003\000.\0001\0001\000.\0001\000.\0001\000\040\000L\000O\000G\000G\000E\000R\000\050\000\051}{subsection.3.11.1}% 38
\BOOKMARK [1][-]{section.3.12}{\376\377\0003\000.\0001\0002\000\040\000s\000r\000c\000.\000s\000c\000a\000n\000P\000r\000o\000j\000e\000c\000t\000\040\000N\000a\000m\000e\000s\000p\000a\000c\000e\000\040\000R\000e\000f\000e\000r\000e\000n\000c\000e}{chapter.3}% 39
\BOOKMARK [2][-]{subsection.3.12.1}{\376\377\0003\000.\0001\0002\000.\0001\000\040\000F\000u\000n\000c\000t\000i\000o\000n\000\040\000D\000o\000c\000u\000m\000e\000n\000t\000a\000t\000i\000o\000n}{section.3.12}% 40
\BOOKMARK [3][-]{subsubsection.3.12.1.1}{\376\377\0003\000.\0001\0002\000.\0001\000.\0001\000\040\000p\000r\000i\000n\000t\000S\000c\000a\000n\000R\000e\000s\000u\000l\000t\000\050\000\051}{subsection.3.12.1}% 41
\BOOKMARK [3][-]{subsubsection.3.12.1.2}{\376\377\0003\000.\0001\0002\000.\0001\000.\0002\000\040\000s\000c\000a\000n\000P\000r\000o\000j\000e\000c\000t\000\050\000\051}{subsection.3.12.1}% 42
\BOOKMARK [1][-]{section.3.13}{\376\377\0003\000.\0001\0003\000\040\000s\000r\000c\000.\000u\000p\000d\000a\000t\000e\000M\000e\000t\000a\000d\000a\000t\000a\000\040\000N\000a\000m\000e\000s\000p\000a\000c\000e\000\040\000R\000e\000f\000e\000r\000e\000n\000c\000e}{chapter.3}% 43
\BOOKMARK [2][-]{subsection.3.13.1}{\376\377\0003\000.\0001\0003\000.\0001\000\040\000F\000u\000n\000c\000t\000i\000o\000n\000\040\000D\000o\000c\000u\000m\000e\000n\000t\000a\000t\000i\000o\000n}{section.3.13}% 44
\BOOKMARK [3][-]{subsubsection.3.13.1.1}{\376\377\0003\000.\0001\0003\000.\0001\000.\0001\000\040\000U\000P\000D\000A\000T\000E\000\137\000M\000E\000T\000A\000D\000A\000T\000A\000\050\000\051}{subsection.3.13.1}% 45
\BOOKMARK [1][-]{section.3.14}{\376\377\0003\000.\0001\0004\000\040\000s\000r\000c\000.\000v\000a\000l\000i\000d\000a\000t\000e\000Y\000A\000M\000L\000\040\000N\000a\000m\000e\000s\000p\000a\000c\000e\000\040\000R\000e\000f\000e\000r\000e\000n\000c\000e}{chapter.3}% 46
\BOOKMARK [2][-]{subsection.3.14.1}{\376\377\0003\000.\0001\0004\000.\0001\000\040\000F\000u\000n\000c\000t\000i\000o\000n\000\040\000D\000o\000c\000u\000m\000e\000n\000t\000a\000t\000i\000o\000n}{section.3.14}% 47
\BOOKMARK [3][-]{subsubsection.3.14.1.1}{\376\377\0003\000.\0001\0004\000.\0001\000.\0001\000\040\000V\000A\000L\000I\000D\000A\000T\000E\000\137\000Y\000A\000M\000L\000\050\000\051}{subsection.3.14.1}% 48
\BOOKMARK [1][-]{section.3.15}{\376\377\0003\000.\0001\0005\000\040\000s\000r\000c\000.\000v\000e\000r\000i\000f\000y\000H\000D\000D\000S\000p\000a\000c\000e\000\040\000N\000a\000m\000e\000s\000p\000a\000c\000e\000\040\000R\000e\000f\000e\000r\000e\000n\000c\000e}{chapter.3}% 49
\BOOKMARK [2][-]{subsection.3.15.1}{\376\377\0003\000.\0001\0005\000.\0001\000\040\000F\000u\000n\000c\000t\000i\000o\000n\000\040\000D\000o\000c\000u\000m\000e\000n\000t\000a\000t\000i\000o\000n}{section.3.15}% 50
\BOOKMARK [3][-]{subsubsection.3.15.1.1}{\376\377\0003\000.\0001\0005\000.\0001\000.\0001\000\040\000V\000E\000R\000I\000F\000Y\000\137\000H\000D\000D\000\137\000S\000P\000A\000C\000E\000\050\000\051}{subsection.3.15.1}% 51
\BOOKMARK [1][-]{section.3.16}{\376\377\0003\000.\0001\0006\000\040\000v\000a\000l\000i\000d\000a\000t\000e\000Y\000A\000M\000L\000\040\000N\000a\000m\000e\000s\000p\000a\000c\000e\000\040\000R\000e\000f\000e\000r\000e\000n\000c\000e}{chapter.3}% 52
\BOOKMARK [2][-]{subsection.3.16.1}{\376\377\0003\000.\0001\0006\000.\0001\000\040\000F\000u\000n\000c\000t\000i\000o\000n\000\040\000D\000o\000c\000u\000m\000e\000n\000t\000a\000t\000i\000o\000n}{section.3.16}% 53
\BOOKMARK [3][-]{subsubsection.3.16.1.1}{\376\377\0003\000.\0001\0006\000.\0001\000.\0001\000\040\000V\000A\000L\000I\000D\000A\000T\000E\000\137\000Y\000A\000M\000L\000\050\000\051}{subsection.3.16.1}% 54
\BOOKMARK [0][-]{chapter.4}{\376\377\0004\000\040\000F\000i\000l\000e\000\040\000D\000o\000c\000u\000m\000e\000n\000t\000a\000t\000i\000o\000n}{}% 55
\BOOKMARK [1][-]{section.4.1}{\376\377\0004\000.\0001\000\040\000s\000r\000c\000/\000\137\000\137\000i\000n\000i\000t\000\137\000\137\000.\000p\000y\000\040\000F\000i\000l\000e\000\040\000R\000e\000f\000e\000r\000e\000n\000c\000e}{chapter.4}% 56
\BOOKMARK [1][-]{section.4.2}{\376\377\0004\000.\0002\000\040\000s\000r\000c\000/\000a\000r\000c\000h\000i\000v\000e\000/\000v\000a\000l\000i\000d\000a\000t\000e\000Y\000A\000M\000L\000.\000p\000y\000\040\000F\000i\000l\000e\000\040\000R\000e\000f\000e\000r\000e\000n\000c\000e}{chapter.4}% 57
\BOOKMARK [1][-]{section.4.3}{\376\377\0004\000.\0003\000\040\000s\000r\000c\000/\000v\000a\000l\000i\000d\000a\000t\000e\000Y\000A\000M\000L\000.\000p\000y\000\040\000F\000i\000l\000e\000\040\000R\000e\000f\000e\000r\000e\000n\000c\000e}{chapter.4}% 58
\BOOKMARK [1][-]{section.4.4}{\376\377\0004\000.\0004\000\040\000s\000r\000c\000/\000b\000a\000c\000k\000u\000p\000E\000n\000g\000i\000n\000e\000.\000p\000y\000\040\000F\000i\000l\000e\000\040\000R\000e\000f\000e\000r\000e\000n\000c\000e}{chapter.4}% 59
\BOOKMARK [1][-]{section.4.5}{\376\377\0004\000.\0005\000\040\000s\000r\000c\000/\000b\000a\000c\000k\000u\000p\000P\000r\000e\000v\000i\000e\000w\000.\000p\000y\000\040\000F\000i\000l\000e\000\040\000R\000e\000f\000e\000r\000e\000n\000c\000e}{chapter.4}% 60
\BOOKMARK [1][-]{section.4.6}{\376\377\0004\000.\0006\000\040\000s\000r\000c\000/\000c\000h\000e\000c\000k\000S\000c\000h\000e\000d\000u\000l\000e\000.\000p\000y\000\040\000F\000i\000l\000e\000\040\000R\000e\000f\000e\000r\000e\000n\000c\000e}{chapter.4}% 61
\BOOKMARK [1][-]{section.4.7}{\376\377\0004\000.\0007\000\040\000s\000r\000c\000/\000c\000h\000e\000c\000k\000S\000y\000n\000c\000P\000o\000l\000i\000c\000y\000.\000p\000y\000\040\000F\000i\000l\000e\000\040\000R\000e\000f\000e\000r\000e\000n\000c\000e}{chapter.4}% 62
\BOOKMARK [1][-]{section.4.8}{\376\377\0004\000.\0008\000\040\000s\000r\000c\000/\000c\000o\000m\000p\000a\000r\000e\000P\000r\000o\000j\000e\000c\000t\000.\000p\000y\000\040\000F\000i\000l\000e\000\040\000R\000e\000f\000e\000r\000e\000n\000c\000e}{chapter.4}% 63
\BOOKMARK [1][-]{section.4.9}{\376\377\0004\000.\0009\000\040\000s\000r\000c\000/\000e\000x\000e\000c\000u\000t\000e\000C\000o\000m\000m\000a\000n\000d\000s\000.\000p\000y\000\040\000F\000i\000l\000e\000\040\000R\000e\000f\000e\000r\000e\000n\000c\000e}{chapter.4}% 64
\BOOKMARK [1][-]{section.4.10}{\376\377\0004\000.\0001\0000\000\040\000s\000r\000c\000/\000e\000x\000t\000r\000a\000c\000t\000Y\000A\000M\000L\000.\000p\000y\000\040\000F\000i\000l\000e\000\040\000R\000e\000f\000e\000r\000e\000n\000c\000e}{chapter.4}% 65
\BOOKMARK [1][-]{section.4.11}{\376\377\0004\000.\0001\0001\000\040\000s\000r\000c\000/\000g\000e\000n\000e\000r\000a\000t\000e\000R\000e\000p\000o\000s\000i\000t\000o\000r\000y\000S\000t\000r\000u\000c\000t\000u\000r\000e\000.\000p\000y\000\040\000F\000i\000l\000e\000\040\000R\000e\000f\000e\000r\000e\000n\000c\000e}{chapter.4}% 66
\BOOKMARK [1][-]{section.4.12}{\376\377\0004\000.\0001\0002\000\040\000s\000r\000c\000/\000i\000n\000i\000t\000i\000a\000l\000i\000z\000e\000R\000e\000p\000o\000s\000i\000t\000o\000r\000y\000.\000p\000y\000\040\000F\000i\000l\000e\000\040\000R\000e\000f\000e\000r\000e\000n\000c\000e}{chapter.4}% 67
\BOOKMARK [1][-]{section.4.13}{\376\377\0004\000.\0001\0003\000\040\000s\000r\000c\000/\000l\000o\000g\000g\000e\000r\000.\000p\000y\000\040\000F\000i\000l\000e\000\040\000R\000e\000f\000e\000r\000e\000n\000c\000e}{chapter.4}% 68
\BOOKMARK [1][-]{section.4.14}{\376\377\0004\000.\0001\0004\000\040\000s\000r\000c\000/\000s\000c\000a\000n\000P\000r\000o\000j\000e\000c\000t\000.\000p\000y\000\040\000F\000i\000l\000e\000\040\000R\000e\000f\000e\000r\000e\000n\000c\000e}{chapter.4}% 69
\BOOKMARK [1][-]{section.4.15}{\376\377\0004\000.\0001\0005\000\040\000s\000r\000c\000/\000u\000p\000d\000a\000t\000e\000M\000e\000t\000a\000d\000a\000t\000a\000.\000p\000y\000\040\000F\000i\000l\000e\000\040\000R\000e\000f\000e\000r\000e\000n\000c\000e}{chapter.4}% 70
\BOOKMARK [1][-]{section.4.16}{\376\377\0004\000.\0001\0006\000\040\000s\000r\000c\000/\000v\000e\000r\000i\000f\000y\000H\000D\000D\000S\000p\000a\000c\000e\000.\000p\000y\000\040\000F\000i\000l\000e\000\040\000R\000e\000f\000e\000r\000e\000n\000c\000e}{chapter.4}% 71
\BOOKMARK [0][-]{section*.50}{\376\377\000I\000n\000d\000e\000x}{}% 72
